[www.online-esta.website/index.html]
[static.wixstatic.com/media/d25dd5_6d4887fc444f482b8577747d4752d5df_mv2.jpg/v1/fill/w_32,h_32,lg_1,usm_0.66_1.00_0.01/d25dd5_6d4887fc444f482b8577747d4752d5df_mv2.jpg]
[backblue.gif]
[fade.gif]
[index.html]
[www.online-esta.website/sitemap.xml]
[www.online-esta.website/feed.xml]
[browser.sentry-cdn.com/4.6.2/bundle.min.js]
[static.parastorage.com/unpkg/core-js-bundle@3.2.1/minified.js]
[static.parastorage.com/unpkg/whatwg-fetch@3.0.0/dist/fetch.umd.js]
[static.parastorage.com/services/wix-bolt/1.6120.0/bolt-main/app/bolt-custom-elements.min.js]
[static.parastorage.com/unpkg/requirejs-bolt@2.3.6/requirejs.min.js]
[www.clickcease.com/monitor/stat.js]
[static.parastorage.com/services/skins/2.1229.80/images/wysiwyg/core/themes/base/cursor_zoom_out.png]
[static.parastorage.com/services/skins/2.1229.80/images/wysiwyg/core/themes/base/cursor_zoom_in.png]
[static.wixstatic.com/media/d25dd5_7e6dcec50ac146acb6ba56344c785b8f_mv2.jpg/v1/fill/w_387,h_39,al_c,q_80,usm_0.66_1.00_0.01,blur_2/d25dd5_7e6dcec50ac146acb6ba56344c785b8f_mv2.jpg]
[static.wixstatic.com/media/d25dd5_86b73fa88afe44dea0736fa252ebfa76_mv2.png/v1/fill/w_270,h_52,al_c,usm_0.66_1.00_0.01,blur_2/d25dd5_86b73fa88afe44dea0736fa252ebfa76_mv2.png]
[static.wixstatic.com/media/d25dd5_94a60ff307cb4fdeb1339963f541055c_mv2.gif]
[www.online-esta.website/2.html]
[www.online-esta.website/productos.html]
[www.online-esta.website/contacto.html]
[www.online-esta.website/terminos-y-condiciones.html]
[www.online-esta.website/index.html]
[www.online-esta.website/feed.html]
[www.online-esta.website/politica-de-privacidad.html]
[static.wixstatic.com/media/d25dd5_677f5ab1725b4f42bafaa84d2f907b66_mv2.jpg/v1/fill/w_134,h_734,al_c,q_80,usm_0.66_1.00_0.01,blur_3/d25dd5_677f5ab1725b4f42bafaa84d2f907b66_mv2.jpg]
[www.online-esta.website/requisitos-de-su-pasaporte-para-el-.html]
[www.online-esta.website/requisitos-del-esta.html]
[www.online-esta.website/requisitos-de-entrada-a-eeuu.html]
[www.online-esta.website/requisitos-tecnicos-de-su-ordenador.html]
[www.online-esta.website/que-datos-es-posible-modificar-en-l.html]
[www.online-esta.website/pasaporte-cambiado.html]
[www.online-esta.website/pasaporte-caducado.html]
[static.wixstatic.com/media/d25dd5_f8fe3143dada4bcfa0c32f054400708b_mv2.jpg/v1/fill/w_180,h_116,al_c,q_80,usm_0.66_1.00_0.01,blur_2/d25dd5_f8fe3143dada4bcfa0c32f054400708b_mv2.jpg]
[static.wixstatic.com/media/d25dd5_b561c4e88aca4838bd098b11169b5fed_mv2.jpg/v1/fill/w_180,h_173,al_c,q_80,usm_0.66_1.00_0.01,blur_2/d25dd5_b561c4e88aca4838bd098b11169b5fed_mv2.jpg]
[static.wixstatic.com/media/d25dd5_e633f533a6264ed5919e4d2440b014e7_mv2.png/v1/fill/w_162,h_316,al_c,usm_0.66_1.00_0.01,blur_3/d25dd5_e633f533a6264ed5919e4d2440b014e7_mv2.png]
[www.online-esta.website/cumplimentado-del-formulario-esta.html]
[www.online-esta.website/proceso-de-la-solicitud-esta.html]
[www.online-esta.website/cumplimentado-del-formulario-esta-1.html]
[www.online-esta.website/posibles-respuestas-a-su-solicitud-.html]
[www.online-esta.website/que-hacer-si-el-esta-le-es-denegado.html]
[www.online-esta.website/new-page.html]
[www.online-esta.website/formulario-esta-en-que-casos-podre-.html]
[www.online-esta.website/transito-a-un-tercer-pais-con-el-es.html]
[www.online-esta.website/infografico-sobre-el-esta.html]
[www.online-esta.website/paises-participantes-en-el-esta.html]
[www.online-esta.website/quien-puede-o-debe-tramitar-una-sol.html]
[www.online-esta.website/que-es-el-esta.html]
[www.online-esta.website/electronic-system-for-travel.html]
[www.online-esta.website/que-es-el-visa-waiver-program.html]
[www.online-esta.website/cuando-debo-de-tramitar-mi-esta.html]
[www.online-esta.website/debo-contactar-con-la-embajada-amer.html]
[www.online-esta.website/el-esta-es-equivalente-a-un-visado.html]
[www.online-esta.website/new-page-1.html]
[www.online-esta.website/esta-evite-los-problemas-mas-tipico.html]
[www.online-esta.website/duracion-y-caducidad-del-esta.html]
[www.online-esta.website/cuando-debera-renovar-su-esta.html]
[www.online-esta.website/llegada-a-estados-unidos-agilice-su.html]
[www.online-esta.website/el-esta-no-le-garantiza-la-entrada-.html]
[www.online-esta.website/articulos-prohibidos-al-entrar-a-us.html]
[static.wixstatic.com/media/d25dd5_cfb339edd0044fbeae98cb0a5a768ab8_mv2.jpg/v1/fill/w_180,h_78,al_c,q_80,usm_0.66_1.00_0.01,blur_2/d25dd5_cfb339edd0044fbeae98cb0a5a768ab8_mv2.jpg]
[www.online-esta.website/2.html]
[www.online-esta.website/productos.html]
[static.wixstatic.com/media/d25dd5_970590eaee41474fb1621a92b78d6911_mv2.jpg/v1/fill/w_100,h_56,al_c,q_80,blur_3/d25dd5_970590eaee41474fb1621a92b78d6911_mv2.jpg]
[static.wixstatic.com/media/d25dd5_48b04c6aa7e446d59fa4d6cfcfd8fca8_mv2.png/v1/fill/w_181,h_40,al_c,usm_0.66_1.00_0.01,blur_3/d25dd5_48b04c6aa7e446d59fa4d6cfcfd8fca8_mv2.png]
[static.wixstatic.com/media/d25dd5_ebe2d70672c34141b5710ec85a901cc6_mv2.jpg/v1/fill/w_280,h_186,al_c,q_80,usm_0.66_1.00_0.01,blur_2/d25dd5_ebe2d70672c34141b5710ec85a901cc6_mv2.jpg]
[static.wixstatic.com/media/d25dd5_e633f533a6264ed5919e4d2440b014e7_mv2.png/v1/fill/w_163,h_318,al_c,blur_3/d25dd5_e633f533a6264ed5919e4d2440b014e7_mv2.png]
[www.online-esta.website/contacto.html]
[www.online-esta.website/terminos-y-condiciones.html]
[www.online-esta.website/politica-de-privacidad.html]
[www.online-esta.website/requisitos-del-esta.html]
[www.online-esta.website/requisitos-de-su-pasaporte-para-el-.html]
[www.online-esta.website/requisitos-de-entrada-a-eeuu.html]
[www.online-esta.website/requisitos-tecnicos-de-su-ordenador.html]
[www.online-esta.website/que-datos-es-posible-modificar-en-l.html]
[www.online-esta.website/pasaporte-cambiado.html]
[www.online-esta.website/pasaporte-caducado.html]
[www.online-esta.website/cumplimentado-del-formulario-esta.html]
[static.wixstatic.com/media/d25dd5_25f7036ef748492ab9bacdc9b4f93abd_mv2.gif]
[www.online-esta.website/proceso-de-la-solicitud-esta.html]
[www.online-esta.website/cumplimentado-del-formulario-esta-1.html]
[www.online-esta.website/new-page.html]
[www.online-esta.website/posibles-respuestas-a-su-solicitud-.html]
[www.online-esta.website/que-hacer-si-el-esta-le-es-denegado.html]
[www.online-esta.website/formulario-esta-en-que-casos-podre-.html]
[static.wixstatic.com/media/d25dd5_7e468bb8bb1a461da8ae7a2a87d9da5f_mv2.jpg/v1/fill/w_171,h_1034,al_c,q_80,usm_0.66_1.00_0.01,blur_2/d25dd5_7e468bb8bb1a461da8ae7a2a87d9da5f_mv2.jpg]
[www.online-esta.website/infografico-sobre-el-esta.html]
[static.wixstatic.com/media/d25dd5_822dc480da7c4142bd60fd561878f9ad_mv2.jpg/v1/fill/w_180,h_176,al_c,q_80,usm_0.66_1.00_0.01,blur_2/d25dd5_822dc480da7c4142bd60fd561878f9ad_mv2.jpg]
[www.online-esta.website/paises-participantes-en-el-esta.html]
[www.online-esta.website/transito-a-un-tercer-pais-con-el-es.html]
[www.online-esta.website/quien-puede-o-debe-tramitar-una-sol.html]
[www.online-esta.website/que-es-el-esta.html]
[www.online-esta.website/electronic-system-for-travel.html]
[www.online-esta.website/que-es-el-visa-waiver-program.html]
[www.online-esta.website/cuando-debo-de-tramitar-mi-esta.html]
[www.online-esta.website/debo-contactar-con-la-embajada-amer.html]
[www.online-esta.website/el-esta-es-equivalente-a-un-visado.html]
[www.online-esta.website/new-page-1.html]
[www.online-esta.website/esta-evite-los-problemas-mas-tipico.html]
[www.online-esta.website/duracion-y-caducidad-del-esta.html]
[www.online-esta.website/cuando-debera-renovar-su-esta.html]
[www.online-esta.website/llegada-a-estados-unidos-agilice-su.html]
[www.online-esta.website/el-esta-no-le-garantiza-la-entrada-.html]
[www.online-esta.website/articulos-prohibidos-al-entrar-a-us.html]
[www.googletagmanager.com/gtm5445.js]
